// Jest Snapshot v1, https://goo.gl/fbAQLP

exports[`Navbar component Renders Navbar component 1`] = `
Object {
  "asFragment": [Function],
  "baseElement": <body>
    <div>
      <nav
        class="navigation-bar"
      >
        <div
          class="nav-logo"
        >
          <img
            alt="logo"
            class="nav-logo-img"
            src="planet.png"
          />
          <span>
            Space Traveler's Hub
          </span>
        </div>
        <ul
          class="nav-ul"
        >
          <li>
            <a
              aria-current="page"
              class="rockets-link active-link"
              href="/"
            >
              Rockets
            </a>
          </li>
          <li>
            <a
              class="none"
              href="/Missions"
            >
              Missions
            </a>
          </li>
          <li>
            <a
              class="none myprofile-none"
              href="/MyProfile"
            >
              My Profile
            </a>
          </li>
        </ul>
      </nav>
    </div>
  </body>,
  "container": <div>
    <nav
      class="navigation-bar"
    >
      <div
        class="nav-logo"
      >
        <img
          alt="logo"
          class="nav-logo-img"
          src="planet.png"
        />
        <span>
          Space Traveler's Hub
        </span>
      </div>
      <ul
        class="nav-ul"
      >
        <li>
          <a
            aria-current="page"
            class="rockets-link active-link"
            href="/"
          >
            Rockets
          </a>
        </li>
        <li>
          <a
            class="none"
            href="/Missions"
          >
            Missions
          </a>
        </li>
        <li>
          <a
            class="none myprofile-none"
            href="/MyProfile"
          >
            My Profile
          </a>
        </li>
      </ul>
    </nav>
  </div>,
  "debug": [Function],
  "findAllByAltText": [Function],
  "findAllByDisplayValue": [Function],
  "findAllByLabelText": [Function],
  "findAllByPlaceholderText": [Function],
  "findAllByRole": [Function],
  "findAllByTestId": [Function],
  "findAllByText": [Function],
  "findAllByTitle": [Function],
  "findByAltText": [Function],
  "findByDisplayValue": [Function],
  "findByLabelText": [Function],
  "findByPlaceholderText": [Function],
  "findByRole": [Function],
  "findByTestId": [Function],
  "findByText": [Function],
  "findByTitle": [Function],
  "getAllByAltText": [Function],
  "getAllByDisplayValue": [Function],
  "getAllByLabelText": [Function],
  "getAllByPlaceholderText": [Function],
  "getAllByRole": [Function],
  "getAllByTestId": [Function],
  "getAllByText": [Function],
  "getAllByTitle": [Function],
  "getByAltText": [Function],
  "getByDisplayValue": [Function],
  "getByLabelText": [Function],
  "getByPlaceholderText": [Function],
  "getByRole": [Function],
  "getByTestId": [Function],
  "getByText": [Function],
  "getByTitle": [Function],
  "queryAllByAltText": [Function],
  "queryAllByDisplayValue": [Function],
  "queryAllByLabelText": [Function],
  "queryAllByPlaceholderText": [Function],
  "queryAllByRole": [Function],
  "queryAllByTestId": [Function],
  "queryAllByText": [Function],
  "queryAllByTitle": [Function],
  "queryByAltText": [Function],
  "queryByDisplayValue": [Function],
  "queryByLabelText": [Function],
  "queryByPlaceholderText": [Function],
  "queryByRole": [Function],
  "queryByTestId": [Function],
  "queryByText": [Function],
  "queryByTitle": [Function],
  "rerender": [Function],
  "unmount": [Function],
}
`;
